Person
	Id = Guid
	Name = Alex
	Age = 19
	DateOfBirth = 01.01.0001 00:00:00
	Addresses = null
	Children = null
	Father = null
