Person
	Id = Guid
	Name = Al
	Height = 1,81
	Age = 19
	DateOfBirth = 01.01.0001 00:00:00
	Addresses = null
	Children = null
	Father = null
