Person
	Id = Guid
	Name = Alex
	Height = 1,81
	Age = 19
	DateOfBirth = 09.09.1985 00:00:00
	Addresses = null
	Children = null
	Father = null
